[36mvite v5.4.21 [32mbuilding for production...[36m[39m
transforming...
[32m✓[39m 38 modules transformed.
rendering chunks...
computing gzip size...
[2mdist/server/public/[22m[32mindex.html                 [39m[1m[2m  0.48 kB[22m[1m[22m[2m │ gzip:  0.32 kB[22m
[2mdist/server/public/[22m[35massets/index-8hE5vDaj.css  [39m[1m[2m 39.26 kB[22m[1m[22m[2m │ gzip:  7.32 kB[22m
[2mdist/server/public/[22m[36massets/index-DB9xDr5b.js   [39m[1m[2m167.56 kB[22m[1m[22m[2m │ gzip: 54.64 kB[22m
[32m✓ built in 1.83s[39m
